<?xml version="1.0"?>
<link_info>
   <banner>TMS320C2000 Linker PC v15.12.3.LTS</banner>
   <copyright>Copyright (c) 1996-2015 Texas Instruments Incorporated</copyright>
   <link_time>0x597274ca</link_time>
   <link_errors>0x0</link_errors>
   <output_file>Example_28377SLaunchPad.out</output_file>
   <entry_point>
      <name>_c_int00</name>
      <address>0x850ff</address>
   </entry_point>
   <input_file_list>
      <input_file id="fl-4">
         <path>.\</path>
         <kind>object</kind>
         <file>F2837xS_Adc.obj</file>
         <name>F2837xS_Adc.obj</name>
      </input_file>
      <input_file id="fl-5">
         <path>.\</path>
         <kind>object</kind>
         <file>F2837xS_CodeStartBranch.obj</file>
         <name>F2837xS_CodeStartBranch.obj</name>
      </input_file>
      <input_file id="fl-6">
         <path>.\</path>
         <kind>object</kind>
         <file>F2837xS_CpuTimers.obj</file>
         <name>F2837xS_CpuTimers.obj</name>
      </input_file>
      <input_file id="fl-7">
         <path>.\</path>
         <kind>object</kind>
         <file>F2837xS_DefaultISR.obj</file>
         <name>F2837xS_DefaultISR.obj</name>
      </input_file>
      <input_file id="fl-8">
         <path>.\</path>
         <kind>object</kind>
         <file>F2837xS_EPwm.obj</file>
         <name>F2837xS_EPwm.obj</name>
      </input_file>
      <input_file id="fl-9">
         <path>.\</path>
         <kind>object</kind>
         <file>F2837xS_GlobalVariableDefs.obj</file>
         <name>F2837xS_GlobalVariableDefs.obj</name>
      </input_file>
      <input_file id="fl-a">
         <path>.\</path>
         <kind>object</kind>
         <file>F2837xS_Gpio.obj</file>
         <name>F2837xS_Gpio.obj</name>
      </input_file>
      <input_file id="fl-b">
         <path>.\</path>
         <kind>object</kind>
         <file>F2837xS_PieCtrl.obj</file>
         <name>F2837xS_PieCtrl.obj</name>
      </input_file>
      <input_file id="fl-c">
         <path>.\</path>
         <kind>object</kind>
         <file>F2837xS_PieVect.obj</file>
         <name>F2837xS_PieVect.obj</name>
      </input_file>
      <input_file id="fl-d">
         <path>.\</path>
         <kind>object</kind>
         <file>F2837xS_Sci.obj</file>
         <name>F2837xS_Sci.obj</name>
      </input_file>
      <input_file id="fl-e">
         <path>.\</path>
         <kind>object</kind>
         <file>F2837xS_SysCtrl.obj</file>
         <name>F2837xS_SysCtrl.obj</name>
      </input_file>
      <input_file id="fl-f">
         <path>.\</path>
         <kind>object</kind>
         <file>F2837xS_usDelay.obj</file>
         <name>F2837xS_usDelay.obj</name>
      </input_file>
      <input_file id="fl-10">
         <path>.\</path>
         <kind>object</kind>
         <file>LAUNCHXL-F28377S-Test.obj</file>
         <name>LAUNCHXL-F28377S-Test.obj</name>
      </input_file>
      <input_file id="fl-11">
         <path>.\</path>
         <kind>object</kind>
         <file>profilec.obj</file>
         <name>profilec.obj</name>
      </input_file>
      <input_file id="fl-12">
         <path>.\</path>
         <kind>object</kind>
         <file>sci_io.obj</file>
         <name>sci_io.obj</name>
      </input_file>
      <input_file id="fl-18">
         <path>C:\ti\controlSUITE\libs\math\FPUfastRTS\V100\lib\</path>
         <kind>archive</kind>
         <file>rts2800_fpu32_fast_supplement.lib</file>
         <name>div_f32.obj</name>
      </input_file>
      <input_file id="fl-19">
         <path>C:\ti\ccsv6\tools\compiler\c2000_15.12.3.LTS\lib\</path>
         <kind>archive</kind>
         <file>rts2800_fpu32.lib</file>
         <name>l_div.obj</name>
      </input_file>
      <input_file id="fl-1a">
         <path>C:\ti\ccsv6\tools\compiler\c2000_15.12.3.LTS\lib\</path>
         <kind>archive</kind>
         <file>rts2800_fpu32.lib</file>
         <name>defs.obj</name>
      </input_file>
      <input_file id="fl-1b">
         <path>C:\ti\ccsv6\tools\compiler\c2000_15.12.3.LTS\lib\</path>
         <kind>archive</kind>
         <file>rts2800_fpu32.lib</file>
         <name>lowlev.obj</name>
      </input_file>
      <input_file id="fl-1c">
         <path>C:\ti\ccsv6\tools\compiler\c2000_15.12.3.LTS\lib\</path>
         <kind>archive</kind>
         <file>rts2800_fpu32.lib</file>
         <name>trgdrv.obj</name>
      </input_file>
      <input_file id="fl-1d">
         <path>C:\ti\ccsv6\tools\compiler\c2000_15.12.3.LTS\lib\</path>
         <kind>archive</kind>
         <file>rts2800_fpu32.lib</file>
         <name>trgmsg.obj</name>
      </input_file>
      <input_file id="fl-1e">
         <path>C:\ti\ccsv6\tools\compiler\c2000_15.12.3.LTS\lib\</path>
         <kind>archive</kind>
         <file>rts2800_fpu32.lib</file>
         <name>_lock.obj</name>
      </input_file>
      <input_file id="fl-1f">
         <path>C:\ti\ccsv6\tools\compiler\c2000_15.12.3.LTS\lib\</path>
         <kind>archive</kind>
         <file>rts2800_fpu32.lib</file>
         <name>boot.obj</name>
      </input_file>
      <input_file id="fl-20">
         <path>C:\ti\ccsv6\tools\compiler\c2000_15.12.3.LTS\lib\</path>
         <kind>archive</kind>
         <file>rts2800_fpu32.lib</file>
         <name>args_main.obj</name>
      </input_file>
      <input_file id="fl-21">
         <path>C:\ti\ccsv6\tools\compiler\c2000_15.12.3.LTS\lib\</path>
         <kind>archive</kind>
         <file>rts2800_fpu32.lib</file>
         <name>startup.obj</name>
      </input_file>
      <input_file id="fl-22">
         <path>C:\ti\ccsv6\tools\compiler\c2000_15.12.3.LTS\lib\</path>
         <kind>archive</kind>
         <file>rts2800_fpu32.lib</file>
         <name>pre_init.obj</name>
      </input_file>
      <input_file id="fl-23">
         <path>C:\ti\ccsv6\tools\compiler\c2000_15.12.3.LTS\lib\</path>
         <kind>archive</kind>
         <file>rts2800_fpu32.lib</file>
         <name>cpy_tbl.obj</name>
      </input_file>
      <input_file id="fl-24">
         <path>C:\ti\ccsv6\tools\compiler\c2000_15.12.3.LTS\lib\</path>
         <kind>archive</kind>
         <file>rts2800_fpu32.lib</file>
         <name>cpy_utils.obj</name>
      </input_file>
      <input_file id="fl-25">
         <path>C:\ti\ccsv6\tools\compiler\c2000_15.12.3.LTS\lib\</path>
         <kind>archive</kind>
         <file>rts2800_fpu32.lib</file>
         <name>exit.obj</name>
      </input_file>
      <input_file id="fl-26">
         <path>C:\ti\ccsv6\tools\compiler\c2000_15.12.3.LTS\lib\</path>
         <kind>archive</kind>
         <file>rts2800_fpu32.lib</file>
         <name>fopen.obj</name>
      </input_file>
      <input_file id="fl-27">
         <path>C:\ti\ccsv6\tools\compiler\c2000_15.12.3.LTS\lib\</path>
         <kind>archive</kind>
         <file>rts2800_fpu32.lib</file>
         <name>fclose.obj</name>
      </input_file>
      <input_file id="fl-28">
         <path>C:\ti\ccsv6\tools\compiler\c2000_15.12.3.LTS\lib\</path>
         <kind>archive</kind>
         <file>rts2800_fpu32.lib</file>
         <name>fflush.obj</name>
      </input_file>
      <input_file id="fl-29">
         <path>C:\ti\ccsv6\tools\compiler\c2000_15.12.3.LTS\lib\</path>
         <kind>archive</kind>
         <file>rts2800_fpu32.lib</file>
         <name>memory.obj</name>
      </input_file>
      <input_file id="fl-2a">
         <path>C:\ti\ccsv6\tools\compiler\c2000_15.12.3.LTS\lib\</path>
         <kind>archive</kind>
         <file>rts2800_fpu32.lib</file>
         <name>memcpy.obj</name>
      </input_file>
      <input_file id="fl-2b">
         <path>C:\ti\ccsv6\tools\compiler\c2000_15.12.3.LTS\lib\</path>
         <kind>archive</kind>
         <file>rts2800_fpu32.lib</file>
         <name>printf.obj</name>
      </input_file>
      <input_file id="fl-2c">
         <path>C:\ti\ccsv6\tools\compiler\c2000_15.12.3.LTS\lib\</path>
         <kind>archive</kind>
         <file>rts2800_fpu32.lib</file>
         <name>_printfi.obj</name>
      </input_file>
      <input_file id="fl-2d">
         <path>C:\ti\ccsv6\tools\compiler\c2000_15.12.3.LTS\lib\</path>
         <kind>archive</kind>
         <file>rts2800_fpu32.lib</file>
         <name>fd_cmp.obj</name>
      </input_file>
      <input_file id="fl-2e">
         <path>C:\ti\ccsv6\tools\compiler\c2000_15.12.3.LTS\lib\</path>
         <kind>archive</kind>
         <file>rts2800_fpu32.lib</file>
         <name>fd_div.obj</name>
      </input_file>
      <input_file id="fl-2f">
         <path>C:\ti\ccsv6\tools\compiler\c2000_15.12.3.LTS\lib\</path>
         <kind>archive</kind>
         <file>rts2800_fpu32.lib</file>
         <name>fd_mpy.obj</name>
      </input_file>
      <input_file id="fl-30">
         <path>C:\ti\ccsv6\tools\compiler\c2000_15.12.3.LTS\lib\</path>
         <kind>archive</kind>
         <file>rts2800_fpu32.lib</file>
         <name>fd_neg.obj</name>
      </input_file>
      <input_file id="fl-31">
         <path>C:\ti\ccsv6\tools\compiler\c2000_15.12.3.LTS\lib\</path>
         <kind>archive</kind>
         <file>rts2800_fpu32.lib</file>
         <name>fd_sub.obj</name>
      </input_file>
      <input_file id="fl-32">
         <path>C:\ti\ccsv6\tools\compiler\c2000_15.12.3.LTS\lib\</path>
         <kind>archive</kind>
         <file>rts2800_fpu32.lib</file>
         <name>fd_add.obj</name>
      </input_file>
      <input_file id="fl-33">
         <path>C:\ti\ccsv6\tools\compiler\c2000_15.12.3.LTS\lib\</path>
         <kind>archive</kind>
         <file>rts2800_fpu32.lib</file>
         <name>fd_toi.obj</name>
      </input_file>
      <input_file id="fl-34">
         <path>C:\ti\ccsv6\tools\compiler\c2000_15.12.3.LTS\lib\</path>
         <kind>archive</kind>
         <file>rts2800_fpu32.lib</file>
         <name>fd_tol.obj</name>
      </input_file>
      <input_file id="fl-35">
         <path>C:\ti\ccsv6\tools\compiler\c2000_15.12.3.LTS\lib\</path>
         <kind>archive</kind>
         <file>rts2800_fpu32.lib</file>
         <name>fs_tofd.obj</name>
      </input_file>
      <input_file id="fl-36">
         <path>C:\ti\ccsv6\tools\compiler\c2000_15.12.3.LTS\lib\</path>
         <kind>archive</kind>
         <file>rts2800_fpu32.lib</file>
         <name>i_tofd.obj</name>
      </input_file>
      <input_file id="fl-37">
         <path>C:\ti\ccsv6\tools\compiler\c2000_15.12.3.LTS\lib\</path>
         <kind>archive</kind>
         <file>rts2800_fpu32.lib</file>
         <name>l_tofd.obj</name>
      </input_file>
      <input_file id="fl-38">
         <path>C:\ti\ccsv6\tools\compiler\c2000_15.12.3.LTS\lib\</path>
         <kind>archive</kind>
         <file>rts2800_fpu32.lib</file>
         <name>ll_aox.obj</name>
      </input_file>
      <input_file id="fl-39">
         <path>C:\ti\ccsv6\tools\compiler\c2000_15.12.3.LTS\lib\</path>
         <kind>archive</kind>
         <file>rts2800_fpu32.lib</file>
         <name>ll_cmp.obj</name>
      </input_file>
      <input_file id="fl-3a">
         <path>C:\ti\ccsv6\tools\compiler\c2000_15.12.3.LTS\lib\</path>
         <kind>archive</kind>
         <file>rts2800_fpu32.lib</file>
         <name>ll_div.obj</name>
      </input_file>
      <input_file id="fl-3b">
         <path>C:\ti\ccsv6\tools\compiler\c2000_15.12.3.LTS\lib\</path>
         <kind>archive</kind>
         <file>rts2800_fpu32.lib</file>
         <name>atoi.obj</name>
      </input_file>
      <input_file id="fl-3c">
         <path>C:\ti\ccsv6\tools\compiler\c2000_15.12.3.LTS\lib\</path>
         <kind>archive</kind>
         <file>rts2800_fpu32.lib</file>
         <name>ctype.obj</name>
      </input_file>
      <input_file id="fl-3d">
         <path>C:\ti\ccsv6\tools\compiler\c2000_15.12.3.LTS\lib\</path>
         <kind>archive</kind>
         <file>rts2800_fpu32.lib</file>
         <name>fputc.obj</name>
      </input_file>
      <input_file id="fl-3e">
         <path>C:\ti\ccsv6\tools\compiler\c2000_15.12.3.LTS\lib\</path>
         <kind>archive</kind>
         <file>rts2800_fpu32.lib</file>
         <name>_io_perm.obj</name>
      </input_file>
      <input_file id="fl-3f">
         <path>C:\ti\ccsv6\tools\compiler\c2000_15.12.3.LTS\lib\</path>
         <kind>archive</kind>
         <file>rts2800_fpu32.lib</file>
         <name>fputs.obj</name>
      </input_file>
      <input_file id="fl-40">
         <path>C:\ti\ccsv6\tools\compiler\c2000_15.12.3.LTS\lib\</path>
         <kind>archive</kind>
         <file>rts2800_fpu32.lib</file>
         <name>s_frexp.obj</name>
      </input_file>
      <input_file id="fl-41">
         <path>C:\ti\ccsv6\tools\compiler\c2000_15.12.3.LTS\lib\</path>
         <kind>archive</kind>
         <file>rts2800_fpu32.lib</file>
         <name>fseek.obj</name>
      </input_file>
      <input_file id="fl-42">
         <path>C:\ti\ccsv6\tools\compiler\c2000_15.12.3.LTS\lib\</path>
         <kind>archive</kind>
         <file>rts2800_fpu32.lib</file>
         <name>s_scalbn.obj</name>
      </input_file>
      <input_file id="fl-43">
         <path>C:\ti\ccsv6\tools\compiler\c2000_15.12.3.LTS\lib\</path>
         <kind>archive</kind>
         <file>rts2800_fpu32.lib</file>
         <name>s_copysign.obj</name>
      </input_file>
      <input_file id="fl-44">
         <path>C:\ti\ccsv6\tools\compiler\c2000_15.12.3.LTS\lib\</path>
         <kind>archive</kind>
         <file>rts2800_fpu32.lib</file>
         <name>errno.obj</name>
      </input_file>
      <input_file id="fl-45">
         <path>C:\ti\ccsv6\tools\compiler\c2000_15.12.3.LTS\lib\</path>
         <kind>archive</kind>
         <file>rts2800_fpu32.lib</file>
         <name>ltoa.obj</name>
      </input_file>
      <input_file id="fl-46">
         <path>C:\ti\ccsv6\tools\compiler\c2000_15.12.3.LTS\lib\</path>
         <kind>archive</kind>
         <file>rts2800_fpu32.lib</file>
         <name>memccpy.obj</name>
      </input_file>
      <input_file id="fl-47">
         <path>C:\ti\ccsv6\tools\compiler\c2000_15.12.3.LTS\lib\</path>
         <kind>archive</kind>
         <file>rts2800_fpu32.lib</file>
         <name>memchr.obj</name>
      </input_file>
      <input_file id="fl-48">
         <path>C:\ti\ccsv6\tools\compiler\c2000_15.12.3.LTS\lib\</path>
         <kind>archive</kind>
         <file>rts2800_fpu32.lib</file>
         <name>memset.obj</name>
      </input_file>
      <input_file id="fl-49">
         <path>C:\ti\ccsv6\tools\compiler\c2000_15.12.3.LTS\lib\</path>
         <kind>archive</kind>
         <file>rts2800_fpu32.lib</file>
         <name>remove.obj</name>
      </input_file>
      <input_file id="fl-4a">
         <path>C:\ti\ccsv6\tools\compiler\c2000_15.12.3.LTS\lib\</path>
         <kind>archive</kind>
         <file>rts2800_fpu32.lib</file>
         <name>setvbuf.obj</name>
      </input_file>
      <input_file id="fl-4b">
         <path>C:\ti\ccsv6\tools\compiler\c2000_15.12.3.LTS\lib\</path>
         <kind>archive</kind>
         <file>rts2800_fpu32.lib</file>
         <name>strchr.obj</name>
      </input_file>
      <input_file id="fl-4c">
         <path>C:\ti\ccsv6\tools\compiler\c2000_15.12.3.LTS\lib\</path>
         <kind>archive</kind>
         <file>rts2800_fpu32.lib</file>
         <name>strcmp.obj</name>
      </input_file>
      <input_file id="fl-4d">
         <path>C:\ti\ccsv6\tools\compiler\c2000_15.12.3.LTS\lib\</path>
         <kind>archive</kind>
         <file>rts2800_fpu32.lib</file>
         <name>strcpy.obj</name>
      </input_file>
      <input_file id="fl-4e">
         <path>C:\ti\ccsv6\tools\compiler\c2000_15.12.3.LTS\lib\</path>
         <kind>archive</kind>
         <file>rts2800_fpu32.lib</file>
         <name>strlen.obj</name>
      </input_file>
      <input_file id="fl-4f">
         <path>C:\ti\ccsv6\tools\compiler\c2000_15.12.3.LTS\lib\</path>
         <kind>archive</kind>
         <file>rts2800_fpu32.lib</file>
         <name>strncpy.obj</name>
      </input_file>
   </input_file_list>
   <object_component_list>
      <object_component id="oc-11c">
         <name>.cinit</name>
         <load_address>0x82000</load_address>
         <run_address>0x82000</run_address>
         <size>0xe6</size>
         <input_file_ref idref="fl-10"/>
      </object_component>
      <object_component id="oc-13e">
         <name>.cinit</name>
         <load_address>0x820e6</load_address>
         <run_address>0x820e6</run_address>
         <size>0x31</size>
         <input_file_ref idref="fl-1b"/>
      </object_component>
      <object_component id="oc-13a">
         <name>.cinit</name>
         <load_address>0x82117</load_address>
         <run_address>0x82117</run_address>
         <size>0x2a</size>
         <input_file_ref idref="fl-1a"/>
      </object_component>
      <object_component id="oc-175">
         <name>.cinit</name>
         <load_address>0x82141</load_address>
         <run_address>0x82141</run_address>
         <size>0xe</size>
         <input_file_ref idref="fl-25"/>
      </object_component>
      <object_component id="oc-25b">
         <name>.cinit:__lock</name>
         <load_address>0x8214f</load_address>
         <run_address>0x8214f</run_address>
         <size>0x5</size>
         <input_file_ref idref="fl-1e"/>
      </object_component>
      <object_component id="oc-26b">
         <name>.cinit:__unlock</name>
         <load_address>0x82154</load_address>
         <run_address>0x82154</run_address>
         <size>0x5</size>
         <input_file_ref idref="fl-1e"/>
      </object_component>
      <object_component id="oc-219">
         <name>.cinit</name>
         <load_address>0x82159</load_address>
         <run_address>0x82159</run_address>
         <size>0x4</size>
         <input_file_ref idref="fl-44"/>
      </object_component>
      <object_component id="oc-17c">
         <name>.cinit</name>
         <load_address>0x8215d</load_address>
         <run_address>0x8215d</run_address>
         <size>0x4</size>
         <input_file_ref idref="fl-26"/>
      </object_component>
      <object_component id="oc-18d">
         <name>.cinit</name>
         <load_address>0x82161</load_address>
         <run_address>0x82161</run_address>
         <size>0x4</size>
         <input_file_ref idref="fl-29"/>
      </object_component>
      <object_component id="oc-12a">
         <name>.cinit</name>
         <load_address>0x82165</load_address>
         <run_address>0x82165</run_address>
         <size>0x4</size>
         <input_file_ref idref="fl-12"/>
      </object_component>
      <object_component id="oc-278">
         <name>.text</name>
         <load_address>0x8216c</load_address>
         <run_address>0x8216c</run_address>
         <size>0xbd9</size>
         <input_file_ref idref="fl-2c"/>
      </object_component>
      <object_component id="oc-258">
         <name>.text</name>
         <load_address>0x82d45</load_address>
         <run_address>0x82d45</run_address>
         <size>0x71b</size>
         <input_file_ref idref="fl-10"/>
      </object_component>
      <object_component id="oc-92">
         <name>.text:retain</name>
         <load_address>0x83460</load_address>
         <run_address>0x83460</run_address>
         <size>0x585</size>
         <input_file_ref idref="fl-7"/>
      </object_component>
      <object_component id="oc-25d">
         <name>.text</name>
         <load_address>0x839e5</load_address>
         <run_address>0x839e5</run_address>
         <size>0x2d7</size>
         <input_file_ref idref="fl-e"/>
      </object_component>
      <object_component id="oc-259">
         <name>.text</name>
         <load_address>0x83cbc</load_address>
         <run_address>0x83cbc</run_address>
         <size>0x27c</size>
         <input_file_ref idref="fl-1c"/>
      </object_component>
      <object_component id="oc-280">
         <name>.text</name>
         <load_address>0x83f38</load_address>
         <run_address>0x83f38</run_address>
         <size>0xbc</size>
         <input_file_ref idref="fl-42"/>
      </object_component>
      <object_component id="oc-281">
         <name>.text</name>
         <load_address>0x83ff4</load_address>
         <run_address>0x83ff4</run_address>
         <size>0xc</size>
         <input_file_ref idref="fl-48"/>
      </object_component>
      <object_component id="oc-262">
         <name>.text</name>
         <load_address>0x84000</load_address>
         <run_address>0x84000</run_address>
         <size>0x244</size>
         <input_file_ref idref="fl-a"/>
      </object_component>
      <object_component id="oc-264">
         <name>.text</name>
         <load_address>0x84244</load_address>
         <run_address>0x84244</run_address>
         <size>0x21b</size>
         <input_file_ref idref="fl-1b"/>
      </object_component>
      <object_component id="oc-275">
         <name>.text</name>
         <load_address>0x8445f</load_address>
         <run_address>0x8445f</run_address>
         <size>0x1d2</size>
         <input_file_ref idref="fl-29"/>
      </object_component>
      <object_component id="oc-1e6">
         <name>.text</name>
         <load_address>0x84631</load_address>
         <run_address>0x84631</run_address>
         <size>0x107</size>
         <input_file_ref idref="fl-3a"/>
      </object_component>
      <object_component id="oc-260">
         <name>.text</name>
         <load_address>0x84738</load_address>
         <run_address>0x84738</run_address>
         <size>0xfd</size>
         <input_file_ref idref="fl-8"/>
      </object_component>
      <object_component id="oc-265">
         <name>.text</name>
         <load_address>0x84835</load_address>
         <run_address>0x84835</run_address>
         <size>0xf9</size>
         <input_file_ref idref="fl-26"/>
      </object_component>
      <object_component id="oc-267">
         <name>.text</name>
         <load_address>0x8492e</load_address>
         <run_address>0x8492e</run_address>
         <size>0xdd</size>
         <input_file_ref idref="fl-4"/>
      </object_component>
      <object_component id="oc-277">
         <name>.text</name>
         <load_address>0x84a0b</load_address>
         <run_address>0x84a0b</run_address>
         <size>0xb0</size>
         <input_file_ref idref="fl-3f"/>
      </object_component>
      <object_component id="oc-124">
         <name>.text</name>
         <load_address>0x84abb</load_address>
         <run_address>0x84abb</run_address>
         <size>0xa1</size>
         <input_file_ref idref="fl-11"/>
      </object_component>
      <object_component id="oc-1be">
         <name>.text</name>
         <load_address>0x84b5c</load_address>
         <run_address>0x84b5c</run_address>
         <size>0x9c</size>
         <input_file_ref idref="fl-32"/>
      </object_component>
      <object_component id="oc-269">
         <name>.text</name>
         <load_address>0x84bf8</load_address>
         <run_address>0x84bf8</run_address>
         <size>0x94</size>
         <input_file_ref idref="fl-1d"/>
      </object_component>
      <object_component id="oc-1aa">
         <name>.text</name>
         <load_address>0x84c8c</load_address>
         <run_address>0x84c8c</run_address>
         <size>0x8b</size>
         <input_file_ref idref="fl-2e"/>
      </object_component>
      <object_component id="oc-266">
         <name>.text</name>
         <load_address>0x84d17</load_address>
         <run_address>0x84d17</run_address>
         <size>0x89</size>
         <input_file_ref idref="fl-4a"/>
      </object_component>
      <object_component id="oc-1af">
         <name>.text</name>
         <load_address>0x84da0</load_address>
         <run_address>0x84da0</run_address>
         <size>0x83</size>
         <input_file_ref idref="fl-2f"/>
      </object_component>
      <object_component id="oc-261">
         <name>.text</name>
         <load_address>0x84e23</load_address>
         <run_address>0x84e23</run_address>
         <size>0x7b</size>
         <input_file_ref idref="fl-6"/>
      </object_component>
      <object_component id="oc-279">
         <name>.text</name>
         <load_address>0x84e9e</load_address>
         <run_address>0x84e9e</run_address>
         <size>0x73</size>
         <input_file_ref idref="fl-28"/>
      </object_component>
      <object_component id="oc-263">
         <name>.text</name>
         <load_address>0x84f11</load_address>
         <run_address>0x84f11</run_address>
         <size>0x6b</size>
         <input_file_ref idref="fl-12"/>
      </object_component>
      <object_component id="oc-27b">
         <name>.text</name>
         <load_address>0x84f7c</load_address>
         <run_address>0x84f7c</run_address>
         <size>0x67</size>
         <input_file_ref idref="fl-3e"/>
      </object_component>
      <object_component id="oc-11e">
         <name>.text:retain</name>
         <load_address>0x84fe3</load_address>
         <run_address>0x84fe3</run_address>
         <size>0x62</size>
         <input_file_ref idref="fl-10"/>
      </object_component>
      <object_component id="oc-274">
         <name>.text</name>
         <load_address>0x85045</load_address>
         <run_address>0x85045</run_address>
         <size>0x5f</size>
         <input_file_ref idref="fl-27"/>
      </object_component>
      <object_component id="oc-27f">
         <name>.text</name>
         <load_address>0x850a4</load_address>
         <run_address>0x850a4</run_address>
         <size>0x5b</size>
         <input_file_ref idref="fl-40"/>
      </object_component>
      <object_component id="oc-7f">
         <name>.text</name>
         <load_address>0x850ff</load_address>
         <run_address>0x850ff</run_address>
         <size>0x56</size>
         <input_file_ref idref="fl-1f"/>
      </object_component>
      <object_component id="oc-276">
         <name>.text</name>
         <load_address>0x85155</load_address>
         <run_address>0x85155</run_address>
         <size>0x53</size>
         <input_file_ref idref="fl-3d"/>
      </object_component>
      <object_component id="oc-254">
         <name>.text</name>
         <load_address>0x851a8</load_address>
         <run_address>0x851a8</run_address>
         <size>0x46</size>
         <input_file_ref idref="fl-23"/>
      </object_component>
      <object_component id="oc-283">
         <name>.text</name>
         <load_address>0x851ee</load_address>
         <run_address>0x851ee</run_address>
         <size>0x3d</size>
         <input_file_ref idref="fl-41"/>
      </object_component>
      <object_component id="oc-268">
         <name>.text</name>
         <load_address>0x8522b</load_address>
         <run_address>0x8522b</run_address>
         <size>0x34</size>
         <input_file_ref idref="fl-2b"/>
      </object_component>
      <object_component id="oc-27d">
         <name>.text</name>
         <load_address>0x8525f</load_address>
         <run_address>0x8525f</run_address>
         <size>0x31</size>
         <input_file_ref idref="fl-3b"/>
      </object_component>
      <object_component id="oc-27e">
         <name>.text</name>
         <load_address>0x85290</load_address>
         <run_address>0x85290</run_address>
         <size>0x2e</size>
         <input_file_ref idref="fl-45"/>
      </object_component>
      <object_component id="oc-1a5">
         <name>.text</name>
         <load_address>0x852be</load_address>
         <run_address>0x852be</run_address>
         <size>0x2a</size>
         <input_file_ref idref="fl-2d"/>
      </object_component>
      <object_component id="oc-134">
         <name>.text</name>
         <load_address>0x852e8</load_address>
         <run_address>0x852e8</run_address>
         <size>0x2a</size>
         <input_file_ref idref="fl-19"/>
      </object_component>
      <object_component id="oc-257">
         <name>.text</name>
         <load_address>0x85312</load_address>
         <run_address>0x85312</run_address>
         <size>0x29</size>
         <input_file_ref idref="fl-25"/>
      </object_component>
      <object_component id="oc-25e">
         <name>.text</name>
         <load_address>0x8533b</load_address>
         <run_address>0x8533b</run_address>
         <size>0x28</size>
         <input_file_ref idref="fl-b"/>
      </object_component>
      <object_component id="oc-25f">
         <name>.text</name>
         <load_address>0x85363</load_address>
         <run_address>0x85363</run_address>
         <size>0x26</size>
         <input_file_ref idref="fl-c"/>
      </object_component>
      <object_component id="oc-285">
         <name>.text</name>
         <load_address>0x85389</load_address>
         <run_address>0x85389</run_address>
         <size>0x22</size>
         <input_file_ref idref="fl-43"/>
      </object_component>
      <object_component id="oc-1c3">
         <name>.text</name>
         <load_address>0x853ab</load_address>
         <run_address>0x853ab</run_address>
         <size>0x21</size>
         <input_file_ref idref="fl-33"/>
      </object_component>
      <object_component id="oc-1c8">
         <name>.text</name>
         <load_address>0x853cc</load_address>
         <run_address>0x853cc</run_address>
         <size>0x1f</size>
         <input_file_ref idref="fl-34"/>
      </object_component>
      <object_component id="oc-1e1">
         <name>.text</name>
         <load_address>0x853eb</load_address>
         <run_address>0x853eb</run_address>
         <size>0x1e</size>
         <input_file_ref idref="fl-39"/>
      </object_component>
      <object_component id="oc-25c">
         <name>.text</name>
         <load_address>0x85409</load_address>
         <run_address>0x85409</run_address>
         <size>0x1e</size>
         <input_file_ref idref="fl-2a"/>
      </object_component>
      <object_component id="oc-273">
         <name>.text</name>
         <load_address>0x85427</load_address>
         <run_address>0x85427</run_address>
         <size>0x1e</size>
         <input_file_ref idref="fl-4f"/>
      </object_component>
      <object_component id="oc-1d2">
         <name>.text</name>
         <load_address>0x85445</load_address>
         <run_address>0x85445</run_address>
         <size>0x1d</size>
         <input_file_ref idref="fl-36"/>
      </object_component>
      <object_component id="oc-1cd">
         <name>.text</name>
         <load_address>0x85462</load_address>
         <run_address>0x85462</run_address>
         <size>0x1c</size>
         <input_file_ref idref="fl-35"/>
      </object_component>
      <object_component id="oc-1d7">
         <name>.text</name>
         <load_address>0x8547e</load_address>
         <run_address>0x8547e</run_address>
         <size>0x1c</size>
         <input_file_ref idref="fl-37"/>
      </object_component>
      <object_component id="oc-16f">
         <name>.text</name>
         <load_address>0x8549a</load_address>
         <run_address>0x8549a</run_address>
         <size>0x1a</size>
         <input_file_ref idref="fl-24"/>
      </object_component>
      <object_component id="oc-256">
         <name>.text</name>
         <load_address>0x854b4</load_address>
         <run_address>0x854b4</run_address>
         <size>0x19</size>
         <input_file_ref idref="fl-20"/>
      </object_component>
      <object_component id="oc-130">
         <name>.text</name>
         <load_address>0x854cd</load_address>
         <run_address>0x854cd</run_address>
         <size>0x19</size>
         <input_file_ref idref="fl-18"/>
      </object_component>
      <object_component id="oc-1dc">
         <name>.text</name>
         <load_address>0x854e6</load_address>
         <run_address>0x854e6</run_address>
         <size>0x18</size>
         <input_file_ref idref="fl-38"/>
      </object_component>
      <object_component id="oc-27c">
         <name>.text</name>
         <load_address>0x854fe</load_address>
         <run_address>0x854fe</run_address>
         <size>0x11</size>
         <input_file_ref idref="fl-47"/>
      </object_component>
      <object_component id="oc-1b9">
         <name>.text</name>
         <load_address>0x8550f</load_address>
         <run_address>0x8550f</run_address>
         <size>0xe</size>
         <input_file_ref idref="fl-31"/>
      </object_component>
      <object_component id="oc-282">
         <name>.text</name>
         <load_address>0x8551d</load_address>
         <run_address>0x8551d</run_address>
         <size>0xd</size>
         <input_file_ref idref="fl-46"/>
      </object_component>
      <object_component id="oc-272">
         <name>.text</name>
         <load_address>0x8552a</load_address>
         <run_address>0x8552a</run_address>
         <size>0xc</size>
         <input_file_ref idref="fl-4b"/>
      </object_component>
      <object_component id="oc-271">
         <name>.text</name>
         <load_address>0x85536</load_address>
         <run_address>0x85536</run_address>
         <size>0xa</size>
         <input_file_ref idref="fl-4c"/>
      </object_component>
      <object_component id="oc-26e">
         <name>.text</name>
         <load_address>0x85540</load_address>
         <run_address>0x85540</run_address>
         <size>0x9</size>
         <input_file_ref idref="fl-1e"/>
      </object_component>
      <object_component id="oc-1b4">
         <name>.text</name>
         <load_address>0x85549</load_address>
         <run_address>0x85549</run_address>
         <size>0x9</size>
         <input_file_ref idref="fl-30"/>
      </object_component>
      <object_component id="oc-85">
         <name>.text</name>
         <load_address>0x85552</load_address>
         <run_address>0x85552</run_address>
         <size>0x8</size>
         <input_file_ref idref="fl-5"/>
      </object_component>
      <object_component id="oc-26c">
         <name>.text</name>
         <load_address>0x8555a</load_address>
         <run_address>0x8555a</run_address>
         <size>0x8</size>
         <input_file_ref idref="fl-4e"/>
      </object_component>
      <object_component id="oc-26d">
         <name>.text</name>
         <load_address>0x85562</load_address>
         <run_address>0x85562</run_address>
         <size>0x5</size>
         <input_file_ref idref="fl-4d"/>
      </object_component>
      <object_component id="oc-27a">
         <name>.text</name>
         <load_address>0x85567</load_address>
         <run_address>0x85567</run_address>
         <size>0x3</size>
         <input_file_ref idref="fl-49"/>
      </object_component>
      <object_component id="oc-253">
         <name>.text</name>
         <load_address>0x8556a</load_address>
         <run_address>0x8556a</run_address>
         <size>0x2</size>
         <input_file_ref idref="fl-22"/>
      </object_component>
      <object_component id="oc-255">
         <name>.text</name>
         <load_address>0x8556c</load_address>
         <run_address>0x8556c</run_address>
         <size>0x1</size>
         <input_file_ref idref="fl-21"/>
      </object_component>
      <object_component id="oc-86">
         <name>codestart</name>
         <load_address>0x80000</load_address>
         <run_address>0x80000</run_address>
         <size>0x2</size>
         <input_file_ref idref="fl-5"/>
      </object_component>
      <object_component id="oc-26f">
         <name>ramfuncs</name>
         <load_address>0x86000</load_address>
         <run_address>0x8000</run_address>
         <size>0x6e</size>
         <input_file_ref idref="fl-e"/>
      </object_component>
      <object_component id="oc-116">
         <name>ramfuncs</name>
         <load_address>0x8606e</load_address>
         <run_address>0x806e</run_address>
         <size>0x4</size>
         <input_file_ref idref="fl-f"/>
      </object_component>
      <object_component id="oc-155">
         <name>.stack</name>
         <uninitialized>true</uninitialized>
         <run_address>0x400</run_address>
         <size>0x0</size>
         <input_file_ref idref="fl-1f"/>
      </object_component>
      <object_component id="oc-30b">
         <name>.stack</name>
         <uninitialized>true</uninitialized>
         <run_address>0x400</run_address>
         <size>0x0</size>
      </object_component>
      <object_component id="oc-8c">
         <name>.ebss</name>
         <uninitialized>true</uninitialized>
         <run_address>0xad20</run_address>
         <size>0x18</size>
         <input_file_ref idref="fl-6"/>
      </object_component>
      <object_component id="oc-18f">
         <name>.ebss</name>
         <uninitialized>true</uninitialized>
         <run_address>0xad38</run_address>
         <size>0x8</size>
         <input_file_ref idref="fl-29"/>
      </object_component>
      <object_component id="oc-13b">
         <name>.ebss</name>
         <uninitialized>true</uninitialized>
         <run_address>0xad40</run_address>
         <size>0x160</size>
         <input_file_ref idref="fl-1a"/>
      </object_component>
      <object_component id="oc-145">
         <name>.ebss</name>
         <uninitialized>true</uninitialized>
         <run_address>0xaea0</run_address>
         <size>0x8</size>
         <input_file_ref idref="fl-1c"/>
      </object_component>
      <object_component id="oc-176">
         <name>.ebss</name>
         <uninitialized>true</uninitialized>
         <run_address>0xaea8</run_address>
         <size>0x6</size>
         <input_file_ref idref="fl-25"/>
      </object_component>
      <object_component id="oc-25a">
         <name>.ebss:__lock</name>
         <uninitialized>true</uninitialized>
         <run_address>0xaeae</run_address>
         <size>0x2</size>
         <input_file_ref idref="fl-1e"/>
      </object_component>
      <object_component id="oc-26a">
         <name>.ebss:__unlock</name>
         <uninitialized>true</uninitialized>
         <run_address>0xaeb0</run_address>
         <size>0x2</size>
         <input_file_ref idref="fl-1e"/>
      </object_component>
      <object_component id="oc-21a">
         <name>.ebss</name>
         <uninitialized>true</uninitialized>
         <run_address>0xaeb2</run_address>
         <size>0x1</size>
         <input_file_ref idref="fl-44"/>
      </object_component>
      <object_component id="oc-17d">
         <name>.ebss</name>
         <uninitialized>true</uninitialized>
         <run_address>0xaeb3</run_address>
         <size>0x1</size>
         <input_file_ref idref="fl-26"/>
      </object_component>
      <object_component id="oc-12b">
         <name>.ebss</name>
         <uninitialized>true</uninitialized>
         <run_address>0xaeb4</run_address>
         <size>0x1</size>
         <input_file_ref idref="fl-12"/>
      </object_component>
      <object_component id="oc-13f">
         <name>.ebss</name>
         <uninitialized>true</uninitialized>
         <run_address>0xaec0</run_address>
         <size>0x88</size>
         <input_file_ref idref="fl-1b"/>
      </object_component>
      <object_component id="oc-11d">
         <name>.ebss</name>
         <uninitialized>true</uninitialized>
         <run_address>0xc000</run_address>
         <size>0xe80</size>
         <input_file_ref idref="fl-10"/>
      </object_component>
      <object_component id="oc-18e">
         <name>.esysmem</name>
         <uninitialized>true</uninitialized>
         <run_address>0xa800</run_address>
         <size>0x1</size>
         <input_file_ref idref="fl-29"/>
      </object_component>
      <object_component id="oc-30c">
         <name>.esysmem</name>
         <uninitialized>true</uninitialized>
         <run_address>0xa800</run_address>
         <size>0x0</size>
      </object_component>
      <object_component id="oc-14b">
         <name>.cio</name>
         <uninitialized>true</uninitialized>
         <run_address>0xac00</run_address>
         <size>0x120</size>
         <input_file_ref idref="fl-1d"/>
      </object_component>
      <object_component id="oc-270">
         <name>.econst:_PieVectTableInit</name>
         <load_address>0x90000</load_address>
         <run_address>0x90000</run_address>
         <size>0x1c0</size>
         <input_file_ref idref="fl-c"/>
      </object_component>
      <object_component id="oc-284">
         <name>.econst:.string:__ctypes_</name>
         <load_address>0x901c0</load_address>
         <run_address>0x901c0</run_address>
         <size>0x101</size>
         <input_file_ref idref="fl-3c"/>
      </object_component>
      <object_component id="oc-11f">
         <name>.econst:.string</name>
         <load_address>0x902c2</load_address>
         <run_address>0x902c2</run_address>
         <size>0x53</size>
         <input_file_ref idref="fl-10"/>
      </object_component>
      <object_component id="oc-1a0">
         <name>.econst:.string</name>
         <load_address>0x90316</load_address>
         <run_address>0x90316</run_address>
         <size>0x26</size>
         <input_file_ref idref="fl-2c"/>
      </object_component>
      <object_component id="oc-19f">
         <name>.econst</name>
         <load_address>0x9033c</load_address>
         <run_address>0x9033c</run_address>
         <size>0x1c</size>
         <input_file_ref idref="fl-2c"/>
      </object_component>
      <object_component id="oc-20e">
         <name>.econst</name>
         <load_address>0x90358</load_address>
         <run_address>0x90358</run_address>
         <size>0x1c</size>
         <input_file_ref idref="fl-42"/>
      </object_component>
      <object_component id="oc-203">
         <name>.econst</name>
         <load_address>0x90374</load_address>
         <run_address>0x90374</run_address>
         <size>0x8</size>
         <input_file_ref idref="fl-40"/>
      </object_component>
      <object_component id="oc-1fd">
         <name>.econst:.string</name>
         <load_address>0x9037c</load_address>
         <run_address>0x9037c</run_address>
         <size>0x2</size>
         <input_file_ref idref="fl-3f"/>
      </object_component>
      <object_component id="oc-156">
         <name>.reset</name>
         <load_address>0x3fffc0</load_address>
         <run_address>0x3fffc0</run_address>
         <size>0x2</size>
         <input_file_ref idref="fl-1f"/>
      </object_component>
      <object_component id="oc-fe">
         <name>PieVectTableFile</name>
         <uninitialized>true</uninitialized>
         <run_address>0xd00</run_address>
         <size>0x1c0</size>
         <input_file_ref idref="fl-9"/>
      </object_component>
      <object_component id="oc-9d">
         <name>EmuKeyVar</name>
         <uninitialized>true</uninitialized>
         <run_address>0xd00</run_address>
         <size>0x1</size>
         <input_file_ref idref="fl-9"/>
      </object_component>
      <object_component id="oc-9e">
         <name>EmuBModeVar</name>
         <uninitialized>true</uninitialized>
         <run_address>0xd01</run_address>
         <size>0x1</size>
         <input_file_ref idref="fl-9"/>
      </object_component>
      <object_component id="oc-b5">
         <name>AdcaResultFile</name>
         <uninitialized>true</uninitialized>
         <run_address>0xb00</run_address>
         <size>0x18</size>
         <input_file_ref idref="fl-9"/>
      </object_component>
      <object_component id="oc-b4">
         <name>AdcbResultFile</name>
         <uninitialized>true</uninitialized>
         <run_address>0xb20</run_address>
         <size>0x18</size>
         <input_file_ref idref="fl-9"/>
      </object_component>
      <object_component id="oc-b7">
         <name>AdccResultFile</name>
         <uninitialized>true</uninitialized>
         <run_address>0xb40</run_address>
         <size>0x18</size>
         <input_file_ref idref="fl-9"/>
      </object_component>
      <object_component id="oc-b6">
         <name>AdcdResultFile</name>
         <uninitialized>true</uninitialized>
         <run_address>0xb60</run_address>
         <size>0x18</size>
         <input_file_ref idref="fl-9"/>
      </object_component>
      <object_component id="oc-e6">
         <name>AdcaRegsFile</name>
         <uninitialized>true</uninitialized>
         <run_address>0x7400</run_address>
         <size>0x80</size>
         <input_file_ref idref="fl-9"/>
      </object_component>
      <object_component id="oc-e5">
         <name>AdcbRegsFile</name>
         <uninitialized>true</uninitialized>
         <run_address>0x7480</run_address>
         <size>0x80</size>
         <input_file_ref idref="fl-9"/>
      </object_component>
      <object_component id="oc-e8">
         <name>AdccRegsFile</name>
         <uninitialized>true</uninitialized>
         <run_address>0x7500</run_address>
         <size>0x80</size>
         <input_file_ref idref="fl-9"/>
      </object_component>
      <object_component id="oc-e7">
         <name>AdcdRegsFile</name>
         <uninitialized>true</uninitialized>
         <run_address>0x7580</run_address>
         <size>0x80</size>
         <input_file_ref idref="fl-9"/>
      </object_component>
      <object_component id="oc-e2">
         <name>AnalogSubsysRegsFile</name>
         <uninitialized>true</uninitialized>
         <run_address>0x5d180</run_address>
         <size>0x48</size>
         <input_file_ref idref="fl-9"/>
      </object_component>
      <object_component id="oc-dc">
         <name>Cla1RegsFile</name>
         <uninitialized>true</uninitialized>
         <run_address>0x1400</run_address>
         <size>0x3e</size>
         <input_file_ref idref="fl-9"/>
      </object_component>
      <object_component id="oc-a2">
         <name>Cla1SoftIntRegsFile</name>
         <uninitialized>true</uninitialized>
         <run_address>0xce0</run_address>
         <size>0x4</size>
         <input_file_ref idref="fl-9"/>
      </object_component>
      <object_component id="oc-c8">
         <name>Cmpss1RegsFile</name>
         <uninitialized>true</uninitialized>
         <run_address>0x5c80</run_address>
         <size>0x20</size>
         <input_file_ref idref="fl-9"/>
      </object_component>
      <object_component id="oc-c7">
         <name>Cmpss2RegsFile</name>
         <uninitialized>true</uninitialized>
         <run_address>0x5ca0</run_address>
         <size>0x20</size>
         <input_file_ref idref="fl-9"/>
      </object_component>
      <object_component id="oc-ca">
         <name>Cmpss3RegsFile</name>
         <uninitialized>true</uninitialized>
         <run_address>0x5cc0</run_address>
         <size>0x20</size>
         <input_file_ref idref="fl-9"/>
      </object_component>
      <object_component id="oc-c9">
         <name>Cmpss4RegsFile</name>
         <uninitialized>true</uninitialized>
         <run_address>0x5ce0</run_address>
         <size>0x20</size>
         <input_file_ref idref="fl-9"/>
      </object_component>
      <object_component id="oc-cb">
         <name>Cmpss5RegsFile</name>
         <uninitialized>true</uninitialized>
         <run_address>0x5d00</run_address>
         <size>0x20</size>
         <input_file_ref idref="fl-9"/>
      </object_component>
      <object_component id="oc-c3">
         <name>Cmpss6RegsFile</name>
         <uninitialized>true</uninitialized>
         <run_address>0x5d20</run_address>
         <size>0x20</size>
         <input_file_ref idref="fl-9"/>
      </object_component>
      <object_component id="oc-c2">
         <name>Cmpss7RegsFile</name>
         <uninitialized>true</uninitialized>
         <run_address>0x5d40</run_address>
         <size>0x20</size>
         <input_file_ref idref="fl-9"/>
      </object_component>
      <object_component id="oc-c5">
         <name>Cmpss8RegsFile</name>
         <uninitialized>true</uninitialized>
         <run_address>0x5d60</run_address>
         <size>0x20</size>
         <input_file_ref idref="fl-9"/>
      </object_component>
      <object_component id="oc-a9">
         <name>CpuTimer0RegsFile</name>
         <uninitialized>true</uninitialized>
         <run_address>0xc00</run_address>
         <size>0x8</size>
         <input_file_ref idref="fl-9"/>
      </object_component>
      <object_component id="oc-a8">
         <name>CpuTimer1RegsFile</name>
         <uninitialized>true</uninitialized>
         <run_address>0xc08</run_address>
         <size>0x8</size>
         <input_file_ref idref="fl-9"/>
      </object_component>
      <object_component id="oc-ab">
         <name>CpuTimer2RegsFile</name>
         <uninitialized>true</uninitialized>
         <run_address>0xc10</run_address>
         <size>0x8</size>
         <input_file_ref idref="fl-9"/>
      </object_component>
      <object_component id="oc-a5">
         <name>DacaRegsFile</name>
         <uninitialized>true</uninitialized>
         <run_address>0x5c00</run_address>
         <size>0x8</size>
         <input_file_ref idref="fl-9"/>
      </object_component>
      <object_component id="oc-a7">
         <name>DacbRegsFile</name>
         <uninitialized>true</uninitialized>
         <run_address>0x5c10</run_address>
         <size>0x8</size>
         <input_file_ref idref="fl-9"/>
      </object_component>
      <object_component id="oc-aa">
         <name>DaccRegsFile</name>
         <uninitialized>true</uninitialized>
         <run_address>0x5c20</run_address>
         <size>0x8</size>
         <input_file_ref idref="fl-9"/>
      </object_component>
      <object_component id="oc-d4">
         <name>DcsmZ1RegsFile</name>
         <uninitialized>true</uninitialized>
         <run_address>0x5f000</run_address>
         <size>0x24</size>
         <input_file_ref idref="fl-9"/>
      </object_component>
      <object_component id="oc-d3">
         <name>DcsmZ2RegsFile</name>
         <uninitialized>true</uninitialized>
         <run_address>0x5f040</run_address>
         <size>0x24</size>
         <input_file_ref idref="fl-9"/>
      </object_component>
      <object_component id="oc-a6">
         <name>DcsmCommonRegsFile</name>
         <uninitialized>true</uninitialized>
         <run_address>0x5f070</run_address>
         <size>0x8</size>
         <input_file_ref idref="fl-9"/>
      </object_component>
      <object_component id="oc-c4">
         <name>DcsmZ1OtpFile</name>
         <uninitialized>true</uninitialized>
         <run_address>0x78000</run_address>
         <size>0x20</size>
         <input_file_ref idref="fl-9"/>
      </object_component>
      <object_component id="oc-c6">
         <name>DcsmZ2OtpFile</name>
         <uninitialized>true</uninitialized>
         <run_address>0x78200</run_address>
         <size>0x20</size>
         <input_file_ref idref="fl-9"/>
      </object_component>
      <object_component id="oc-ed">
         <name>DmaRegsFile</name>
         <uninitialized>true</uninitialized>
         <run_address>0x1000</run_address>
         <size>0xe0</size>
         <input_file_ref idref="fl-9"/>
      </object_component>
      <object_component id="oc-b8">
         <name>DmaClaSrcSelRegsFile</name>
         <uninitialized>true</uninitialized>
         <run_address>0x7980</run_address>
         <size>0x1a</size>
         <input_file_ref idref="fl-9"/>
      </object_component>
      <object_component id="oc-cc">
         <name>ECap1RegsFile</name>
         <uninitialized>true</uninitialized>
         <run_address>0x5000</run_address>
         <size>0x20</size>
         <input_file_ref idref="fl-9"/>
      </object_component>
      <object_component id="oc-cd">
         <name>ECap2RegsFile</name>
         <uninitialized>true</uninitialized>
         <run_address>0x5020</run_address>
         <size>0x20</size>
         <input_file_ref idref="fl-9"/>
      </object_component>
      <object_component id="oc-c1">
         <name>ECap3RegsFile</name>
         <uninitialized>true</uninitialized>
         <run_address>0x5040</run_address>
         <size>0x20</size>
         <input_file_ref idref="fl-9"/>
      </object_component>
      <object_component id="oc-bb">
         <name>ECap4RegsFile</name>
         <uninitialized>true</uninitialized>
         <run_address>0x5060</run_address>
         <size>0x20</size>
         <input_file_ref idref="fl-9"/>
      </object_component>
      <object_component id="oc-bc">
         <name>ECap5RegsFile</name>
         <uninitialized>true</uninitialized>
         <run_address>0x5080</run_address>
         <size>0x20</size>
         <input_file_ref idref="fl-9"/>
      </object_component>
      <object_component id="oc-ba">
         <name>ECap6RegsFile</name>
         <uninitialized>true</uninitialized>
         <run_address>0x50a0</run_address>
         <size>0x20</size>
         <input_file_ref idref="fl-9"/>
      </object_component>
      <object_component id="oc-e4">
         <name>Emif1RegsFile</name>
         <uninitialized>true</uninitialized>
         <run_address>0x47000</run_address>
         <size>0x70</size>
         <input_file_ref idref="fl-9"/>
      </object_component>
      <object_component id="oc-e3">
         <name>Emif2RegsFile</name>
         <uninitialized>true</uninitialized>
         <run_address>0x47800</run_address>
         <size>0x70</size>
         <input_file_ref idref="fl-9"/>
      </object_component>
      <object_component id="oc-f2">
         <name>EPwm1RegsFile</name>
         <uninitialized>true</uninitialized>
         <run_address>0x4000</run_address>
         <size>0x100</size>
         <input_file_ref idref="fl-9"/>
      </object_component>
      <object_component id="oc-f1">
         <name>EPwm2RegsFile</name>
         <uninitialized>true</uninitialized>
         <run_address>0x4100</run_address>
         <size>0x100</size>
         <input_file_ref idref="fl-9"/>
      </object_component>
      <object_component id="oc-f4">
         <name>EPwm3RegsFile</name>
         <uninitialized>true</uninitialized>
         <run_address>0x4200</run_address>
         <size>0x100</size>
         <input_file_ref idref="fl-9"/>
      </object_component>
      <object_component id="oc-ef">
         <name>EPwm4RegsFile</name>
         <uninitialized>true</uninitialized>
         <run_address>0x4300</run_address>
         <size>0x100</size>
         <input_file_ref idref="fl-9"/>
      </object_component>
      <object_component id="oc-ee">
         <name>EPwm5RegsFile</name>
         <uninitialized>true</uninitialized>
         <run_address>0x4400</run_address>
         <size>0x100</size>
         <input_file_ref idref="fl-9"/>
      </object_component>
      <object_component id="oc-f3">
         <name>EPwm6RegsFile</name>
         <uninitialized>true</uninitialized>
         <run_address>0x4500</run_address>
         <size>0x100</size>
         <input_file_ref idref="fl-9"/>
      </object_component>
      <object_component id="oc-f0">
         <name>EPwm7RegsFile</name>
         <uninitialized>true</uninitialized>
         <run_address>0x4600</run_address>
         <size>0x100</size>
         <input_file_ref idref="fl-9"/>
      </object_component>
      <object_component id="oc-f9">
         <name>EPwm8RegsFile</name>
         <uninitialized>true</uninitialized>
         <run_address>0x4700</run_address>
         <size>0x100</size>
         <input_file_ref idref="fl-9"/>
      </object_component>
      <object_component id="oc-f7">
         <name>EPwm9RegsFile</name>
         <uninitialized>true</uninitialized>
         <run_address>0x4800</run_address>
         <size>0x100</size>
         <input_file_ref idref="fl-9"/>
      </object_component>
      <object_component id="oc-f8">
         <name>EPwm10RegsFile</name>
         <uninitialized>true</uninitialized>
         <run_address>0x4900</run_address>
         <size>0x100</size>
         <input_file_ref idref="fl-9"/>
      </object_component>
      <object_component id="oc-f5">
         <name>EPwm11RegsFile</name>
         <uninitialized>true</uninitialized>
         <run_address>0x4a00</run_address>
         <size>0x100</size>
         <input_file_ref idref="fl-9"/>
      </object_component>
      <object_component id="oc-f6">
         <name>EPwm12RegsFile</name>
         <uninitialized>true</uninitialized>
         <run_address>0x4b00</run_address>
         <size>0x100</size>
         <input_file_ref idref="fl-9"/>
      </object_component>
      <object_component id="oc-df">
         <name>EPwmXbarRegsFile</name>
         <uninitialized>true</uninitialized>
         <run_address>0x7a00</run_address>
         <size>0x40</size>
         <input_file_ref idref="fl-9"/>
      </object_component>
      <object_component id="oc-ce">
         <name>EQep1RegsFile</name>
         <uninitialized>true</uninitialized>
         <run_address>0x5100</run_address>
         <size>0x22</size>
         <input_file_ref idref="fl-9"/>
      </object_component>
      <object_component id="oc-cf">
         <name>EQep2RegsFile</name>
         <uninitialized>true</uninitialized>
         <run_address>0x5140</run_address>
         <size>0x22</size>
         <input_file_ref idref="fl-9"/>
      </object_component>
      <object_component id="oc-d2">
         <name>EQep3RegsFile</name>
         <uninitialized>true</uninitialized>
         <run_address>0x5180</run_address>
         <size>0x22</size>
         <input_file_ref idref="fl-9"/>
      </object_component>
      <object_component id="oc-fd">
         <name>Flash0CtrlRegsFile</name>
         <uninitialized>true</uninitialized>
         <run_address>0x5f800</run_address>
         <size>0x182</size>
         <input_file_ref idref="fl-9"/>
      </object_component>
      <object_component id="oc-d8">
         <name>Flash0EccRegsFile</name>
         <uninitialized>true</uninitialized>
         <run_address>0x5fb00</run_address>
         <size>0x28</size>
         <input_file_ref idref="fl-9"/>
      </object_component>
      <object_component id="oc-fc">
         <name>Flash1CtrlRegsFile</name>
         <uninitialized>true</uninitialized>
         <run_address>0x5fc00</run_address>
         <size>0x182</size>
         <input_file_ref idref="fl-9"/>
      </object_component>
      <object_component id="oc-d7">
         <name>Flash1EccRegsFile</name>
         <uninitialized>true</uninitialized>
         <run_address>0x5ff00</run_address>
         <size>0x28</size>
         <input_file_ref idref="fl-9"/>
      </object_component>
      <object_component id="oc-fb">
         <name>GpioCtrlRegsFile</name>
         <uninitialized>true</uninitialized>
         <run_address>0x7c00</run_address>
         <size>0x180</size>
         <input_file_ref idref="fl-9"/>
      </object_component>
      <object_component id="oc-da">
         <name>GpioDataRegsFile</name>
         <uninitialized>true</uninitialized>
         <run_address>0x7f00</run_address>
         <size>0x30</size>
         <input_file_ref idref="fl-9"/>
      </object_component>
      <object_component id="oc-e0">
         <name>OutputXbarRegsFile</name>
         <uninitialized>true</uninitialized>
         <run_address>0x7a80</run_address>
         <size>0x40</size>
         <input_file_ref idref="fl-9"/>
      </object_component>
      <object_component id="oc-d1">
         <name>I2caRegsFile</name>
         <uninitialized>true</uninitialized>
         <run_address>0x7300</run_address>
         <size>0x22</size>
         <input_file_ref idref="fl-9"/>
      </object_component>
      <object_component id="oc-d0">
         <name>I2cbRegsFile</name>
         <uninitialized>true</uninitialized>
         <run_address>0x7340</run_address>
         <size>0x22</size>
         <input_file_ref idref="fl-9"/>
      </object_component>
      <object_component id="oc-bf">
         <name>InputXbarRegsFile</name>
         <uninitialized>true</uninitialized>
         <run_address>0x7900</run_address>
         <size>0x20</size>
         <input_file_ref idref="fl-9"/>
      </object_component>
      <object_component id="oc-c0">
         <name>XbarRegsFile</name>
         <uninitialized>true</uninitialized>
         <run_address>0x7920</run_address>
         <size>0x20</size>
         <input_file_ref idref="fl-9"/>
      </object_component>
      <object_component id="oc-a0">
         <name>FlashPumpSemaphoreRegsFile</name>
         <uninitialized>true</uninitialized>
         <run_address>0x50024</run_address>
         <size>0x2</size>
         <input_file_ref idref="fl-9"/>
      </object_component>
      <object_component id="oc-9f">
         <name>RomPrefetchRegsFile</name>
         <uninitialized>true</uninitialized>
         <run_address>0x5e608</run_address>
         <size>0x2</size>
         <input_file_ref idref="fl-9"/>
      </object_component>
      <object_component id="oc-eb">
         <name>MemCfgRegsFile</name>
         <uninitialized>true</uninitialized>
         <run_address>0x5f400</run_address>
         <size>0x80</size>
         <input_file_ref idref="fl-9"/>
      </object_component>
      <object_component id="oc-bd">
         <name>Emif1ConfigRegsFile</name>
         <uninitialized>true</uninitialized>
         <run_address>0x5f480</run_address>
         <size>0x20</size>
         <input_file_ref idref="fl-9"/>
      </object_component>
      <object_component id="oc-be">
         <name>Emif2ConfigRegsFile</name>
         <uninitialized>true</uninitialized>
         <run_address>0x5f4a0</run_address>
         <size>0x20</size>
         <input_file_ref idref="fl-9"/>
      </object_component>
      <object_component id="oc-dd">
         <name>AccessProtectionRegsFile</name>
         <uninitialized>true</uninitialized>
         <run_address>0x5f4c0</run_address>
         <size>0x40</size>
         <input_file_ref idref="fl-9"/>
      </object_component>
      <object_component id="oc-de">
         <name>MemoryErrorRegsFile</name>
         <uninitialized>true</uninitialized>
         <run_address>0x5f500</run_address>
         <size>0x40</size>
         <input_file_ref idref="fl-9"/>
      </object_component>
      <object_component id="oc-a1">
         <name>RomWaitStateRegsFile</name>
         <uninitialized>true</uninitialized>
         <run_address>0x5f540</run_address>
         <size>0x2</size>
         <input_file_ref idref="fl-9"/>
      </object_component>
      <object_component id="oc-d6">
         <name>McbspaRegsFile</name>
         <uninitialized>true</uninitialized>
         <run_address>0x6000</run_address>
         <size>0x24</size>
         <input_file_ref idref="fl-9"/>
      </object_component>
      <object_component id="oc-d5">
         <name>McbspbRegsFile</name>
         <uninitialized>true</uninitialized>
         <run_address>0x6040</run_address>
         <size>0x24</size>
         <input_file_ref idref="fl-9"/>
      </object_component>
      <object_component id="oc-e1">
         <name>UppRegsFile</name>
         <uninitialized>true</uninitialized>
         <run_address>0x6200</run_address>
         <size>0x48</size>
         <input_file_ref idref="fl-9"/>
      </object_component>
      <object_component id="oc-a4">
         <name>NmiIntruptRegsFile</name>
         <uninitialized>true</uninitialized>
         <run_address>0x7060</run_address>
         <size>0x7</size>
         <input_file_ref idref="fl-9"/>
      </object_component>
      <object_component id="oc-b9">
         <name>PieCtrlRegsFile</name>
         <uninitialized>true</uninitialized>
         <run_address>0xce0</run_address>
         <size>0x1a</size>
         <input_file_ref idref="fl-9"/>
      </object_component>
      <object_component id="oc-b2">
         <name>SciaRegsFile</name>
         <uninitialized>true</uninitialized>
         <run_address>0x7200</run_address>
         <size>0x10</size>
         <input_file_ref idref="fl-9"/>
      </object_component>
      <object_component id="oc-b1">
         <name>ScibRegsFile</name>
         <uninitialized>true</uninitialized>
         <run_address>0x7210</run_address>
         <size>0x10</size>
         <input_file_ref idref="fl-9"/>
      </object_component>
      <object_component id="oc-b3">
         <name>ScicRegsFile</name>
         <uninitialized>true</uninitialized>
         <run_address>0x7220</run_address>
         <size>0x10</size>
         <input_file_ref idref="fl-9"/>
      </object_component>
      <object_component id="oc-b0">
         <name>ScidRegsFile</name>
         <uninitialized>true</uninitialized>
         <run_address>0x7230</run_address>
         <size>0x10</size>
         <input_file_ref idref="fl-9"/>
      </object_component>
      <object_component id="oc-e9">
         <name>Sdfm1RegsFile</name>
         <uninitialized>true</uninitialized>
         <run_address>0x5e00</run_address>
         <size>0x80</size>
         <input_file_ref idref="fl-9"/>
      </object_component>
      <object_component id="oc-ea">
         <name>Sdfm2RegsFile</name>
         <uninitialized>true</uninitialized>
         <run_address>0x5e80</run_address>
         <size>0x80</size>
         <input_file_ref idref="fl-9"/>
      </object_component>
      <object_component id="oc-ad">
         <name>SpiaRegsFile</name>
         <uninitialized>true</uninitialized>
         <run_address>0x6100</run_address>
         <size>0x10</size>
         <input_file_ref idref="fl-9"/>
      </object_component>
      <object_component id="oc-af">
         <name>SpibRegsFile</name>
         <uninitialized>true</uninitialized>
         <run_address>0x6110</run_address>
         <size>0x10</size>
         <input_file_ref idref="fl-9"/>
      </object_component>
      <object_component id="oc-ae">
         <name>SpicRegsFile</name>
         <uninitialized>true</uninitialized>
         <run_address>0x6120</run_address>
         <size>0x10</size>
         <input_file_ref idref="fl-9"/>
      </object_component>
      <object_component id="oc-fa">
         <name>DevCfgRegsFile</name>
         <uninitialized>true</uninitialized>
         <run_address>0x5d000</run_address>
         <size>0x12e</size>
         <input_file_ref idref="fl-9"/>
      </object_component>
      <object_component id="oc-db">
         <name>ClkCfgRegsFile</name>
         <uninitialized>true</uninitialized>
         <run_address>0x5d200</run_address>
         <size>0x32</size>
         <input_file_ref idref="fl-9"/>
      </object_component>
      <object_component id="oc-ec">
         <name>CpuSysRegsFile</name>
         <uninitialized>true</uninitialized>
         <run_address>0x5d300</run_address>
         <size>0x82</size>
         <input_file_ref idref="fl-9"/>
      </object_component>
      <object_component id="oc-a3">
         <name>SyncSocRegsFile</name>
         <uninitialized>true</uninitialized>
         <run_address>0x7940</run_address>
         <size>0x6</size>
         <input_file_ref idref="fl-9"/>
      </object_component>
      <object_component id="oc-d9">
         <name>WdRegsFile</name>
         <uninitialized>true</uninitialized>
         <run_address>0x7000</run_address>
         <size>0x2b</size>
         <input_file_ref idref="fl-9"/>
      </object_component>
      <object_component id="oc-ac">
         <name>XintRegsFile</name>
         <uninitialized>true</uninitialized>
         <run_address>0x7070</run_address>
         <size>0xb</size>
         <input_file_ref idref="fl-9"/>
      </object_component>
      <object_component id="oc-80">
         <name>.debug_info</name>
         <load_address>0x0</load_address>
         <run_address>0x0</run_address>
         <size>0x497c</size>
         <input_file_ref idref="fl-4"/>
      </object_component>
      <object_component id="oc-87">
         <name>.debug_info</name>
         <load_address>0x497c</load_address>
         <run_address>0x497c</run_address>
         <size>0x1f5</size>
         <input_file_ref idref="fl-5"/>
      </object_component>
      <object_component id="oc-8b">
         <name>.debug_info</name>
         <load_address>0x4b71</load_address>
         <run_address>0x4b71</run_address>
         <size>0xaf7</size>
         <input_file_ref idref="fl-6"/>
      </object_component>
      <object_component id="oc-91">
         <name>.debug_info</name>
         <load_address>0x5668</load_address>
         <run_address>0x5668</run_address>
         <size>0x7dee</size>
         <input_file_ref idref="fl-7"/>
      </object_component>
      <object_component id="oc-97">
         <name>.debug_info</name>
         <load_address>0xd456</load_address>
         <run_address>0xd456</run_address>
         <size>0x100a3</size>
         <input_file_ref idref="fl-8"/>
      </object_component>
      <object_component id="oc-9c">
         <name>.debug_info</name>
         <load_address>0x1d4f9</load_address>
         <run_address>0x1d4f9</run_address>
         <size>0x4b18d</size>
         <input_file_ref idref="fl-9"/>
      </object_component>
      <object_component id="oc-100">
         <name>.debug_info</name>
         <load_address>0x68686</load_address>
         <run_address>0x68686</run_address>
         <size>0x190a8</size>
         <input_file_ref idref="fl-a"/>
      </object_component>
      <object_component id="oc-105">
         <name>.debug_info</name>
         <load_address>0x8172e</load_address>
         <run_address>0x8172e</run_address>
         <size>0x36c5</size>
         <input_file_ref idref="fl-b"/>
      </object_component>
      <object_component id="oc-10a">
         <name>.debug_info</name>
         <load_address>0x84df3</load_address>
         <run_address>0x84df3</run_address>
         <size>0x6806</size>
         <input_file_ref idref="fl-c"/>
      </object_component>
      <object_component id="oc-10f">
         <name>.debug_info</name>
         <load_address>0x8b5f9</load_address>
         <run_address>0x8b5f9</run_address>
         <size>0x1ce</size>
         <input_file_ref idref="fl-d"/>
      </object_component>
      <object_component id="oc-111">
         <name>.debug_info</name>
         <load_address>0x8b7c7</load_address>
         <run_address>0x8b7c7</run_address>
         <size>0x955f</size>
         <input_file_ref idref="fl-e"/>
      </object_component>
      <object_component id="oc-117">
         <name>.debug_info</name>
         <load_address>0x94d26</load_address>
         <run_address>0x94d26</run_address>
         <size>0x17d</size>
         <input_file_ref idref="fl-f"/>
      </object_component>
      <object_component id="oc-11b">
         <name>.debug_info</name>
         <load_address>0x94ea3</load_address>
         <run_address>0x94ea3</run_address>
         <size>0x23649</size>
         <input_file_ref idref="fl-10"/>
      </object_component>
      <object_component id="oc-125">
         <name>.debug_info</name>
         <load_address>0xb84ec</load_address>
         <run_address>0xb84ec</run_address>
         <size>0x17a</size>
         <input_file_ref idref="fl-11"/>
      </object_component>
      <object_component id="oc-129">
         <name>.debug_info</name>
         <load_address>0xb8666</load_address>
         <run_address>0xb8666</run_address>
         <size>0x1575</size>
         <input_file_ref idref="fl-12"/>
      </object_component>
      <object_component id="oc-131">
         <name>.debug_info</name>
         <load_address>0xb9bdb</load_address>
         <run_address>0xb9bdb</run_address>
         <size>0x142</size>
         <input_file_ref idref="fl-18"/>
      </object_component>
      <object_component id="oc-135">
         <name>.debug_info</name>
         <load_address>0xb9d1d</load_address>
         <run_address>0xb9d1d</run_address>
         <size>0x19e</size>
         <input_file_ref idref="fl-19"/>
      </object_component>
      <object_component id="oc-139">
         <name>.debug_info</name>
         <load_address>0xb9ebb</load_address>
         <run_address>0xb9ebb</run_address>
         <size>0x2d0</size>
         <input_file_ref idref="fl-1a"/>
      </object_component>
      <object_component id="oc-13d">
         <name>.debug_info</name>
         <load_address>0xba18b</load_address>
         <run_address>0xba18b</run_address>
         <size>0x12c7</size>
         <input_file_ref idref="fl-1b"/>
      </object_component>
      <object_component id="oc-144">
         <name>.debug_info</name>
         <load_address>0xbb452</load_address>
         <run_address>0xbb452</run_address>
         <size>0xf1d</size>
         <input_file_ref idref="fl-1c"/>
      </object_component>
      <object_component id="oc-14a">
         <name>.debug_info</name>
         <load_address>0xbc36f</load_address>
         <run_address>0xbc36f</run_address>
         <size>0x5c6</size>
         <input_file_ref idref="fl-1d"/>
      </object_component>
      <object_component id="oc-150">
         <name>.debug_info</name>
         <load_address>0xbc935</load_address>
         <run_address>0xbc935</run_address>
         <size>0x502</size>
         <input_file_ref idref="fl-1e"/>
      </object_component>
      <object_component id="oc-157">
         <name>.debug_info</name>
         <load_address>0xbce37</load_address>
         <run_address>0xbce37</run_address>
         <size>0x16c</size>
         <input_file_ref idref="fl-1f"/>
      </object_component>
      <object_component id="oc-15b">
         <name>.debug_info</name>
         <load_address>0xbcfa3</load_address>
         <run_address>0xbcfa3</run_address>
         <size>0x4cf</size>
         <input_file_ref idref="fl-20"/>
      </object_component>
      <object_component id="oc-160">
         <name>.debug_info</name>
         <load_address>0xbd472</load_address>
         <run_address>0xbd472</run_address>
         <size>0x3e0</size>
         <input_file_ref idref="fl-21"/>
      </object_component>
      <object_component id="oc-165">
         <name>.debug_info</name>
         <load_address>0xbd852</load_address>
         <run_address>0xbd852</run_address>
         <size>0x3e3</size>
         <input_file_ref idref="fl-22"/>
      </object_component>
      <object_component id="oc-16a">
         <name>.debug_info</name>
         <load_address>0xbdc35</load_address>
         <run_address>0xbdc35</run_address>
         <size>0x628</size>
         <input_file_ref idref="fl-23"/>
      </object_component>
      <object_component id="oc-170">
         <name>.debug_info</name>
         <load_address>0xbe25d</load_address>
         <run_address>0xbe25d</run_address>
         <size>0x113</size>
         <input_file_ref idref="fl-24"/>
      </object_component>
      <object_component id="oc-174">
         <name>.debug_info</name>
         <load_address>0xbe370</load_address>
         <run_address>0xbe370</run_address>
         <size>0x5ac</size>
         <input_file_ref idref="fl-25"/>
      </object_component>
      <object_component id="oc-17b">
         <name>.debug_info</name>
         <load_address>0xbe91c</load_address>
         <run_address>0xbe91c</run_address>
         <size>0x8e1</size>
         <input_file_ref idref="fl-26"/>
      </object_component>
      <object_component id="oc-182">
         <name>.debug_info</name>
         <load_address>0xbf1fd</load_address>
         <run_address>0xbf1fd</run_address>
         <size>0x6ed</size>
         <input_file_ref idref="fl-27"/>
      </object_component>
      <object_component id="oc-187">
         <name>.debug_info</name>
         <load_address>0xbf8ea</load_address>
         <run_address>0xbf8ea</run_address>
         <size>0x659</size>
         <input_file_ref idref="fl-28"/>
      </object_component>
      <object_component id="oc-18c">
         <name>.debug_info</name>
         <load_address>0xbff43</load_address>
         <run_address>0xbff43</run_address>
         <size>0xb20</size>
         <input_file_ref idref="fl-29"/>
      </object_component>
      <object_component id="oc-194">
         <name>.debug_info</name>
         <load_address>0xc0a63</load_address>
         <run_address>0xc0a63</run_address>
         <size>0x470</size>
         <input_file_ref idref="fl-2a"/>
      </object_component>
      <object_component id="oc-199">
         <name>.debug_info</name>
         <load_address>0xc0ed3</load_address>
         <run_address>0xc0ed3</run_address>
         <size>0x70a</size>
         <input_file_ref idref="fl-2b"/>
      </object_component>
      <object_component id="oc-19e">
         <name>.debug_info</name>
         <load_address>0xc15dd</load_address>
         <run_address>0xc15dd</run_address>
         <size>0x2560</size>
         <input_file_ref idref="fl-2c"/>
      </object_component>
      <object_component id="oc-1a6">
         <name>.debug_info</name>
         <load_address>0xc3b3d</load_address>
         <run_address>0xc3b3d</run_address>
         <size>0x119</size>
         <input_file_ref idref="fl-2d"/>
      </object_component>
      <object_component id="oc-1ab">
         <name>.debug_info</name>
         <load_address>0xc3c56</load_address>
         <run_address>0xc3c56</run_address>
         <size>0x10d</size>
         <input_file_ref idref="fl-2e"/>
      </object_component>
      <object_component id="oc-1b0">
         <name>.debug_info</name>
         <load_address>0xc3d63</load_address>
         <run_address>0xc3d63</run_address>
         <size>0x10d</size>
         <input_file_ref idref="fl-2f"/>
      </object_component>
      <object_component id="oc-1b5">
         <name>.debug_info</name>
         <load_address>0xc3e70</load_address>
         <run_address>0xc3e70</run_address>
         <size>0x10d</size>
         <input_file_ref idref="fl-30"/>
      </object_component>
      <object_component id="oc-1ba">
         <name>.debug_info</name>
         <load_address>0xc3f7d</load_address>
         <run_address>0xc3f7d</run_address>
         <size>0x11b</size>
         <input_file_ref idref="fl-31"/>
      </object_component>
      <object_component id="oc-1bf">
         <name>.debug_info</name>
         <load_address>0xc4098</load_address>
         <run_address>0xc4098</run_address>
         <size>0x10d</size>
         <input_file_ref idref="fl-32"/>
      </object_component>
      <object_component id="oc-1c4">
         <name>.debug_info</name>
         <load_address>0xc41a5</load_address>
         <run_address>0xc41a5</run_address>
         <size>0x10d</size>
         <input_file_ref idref="fl-33"/>
      </object_component>
      <object_component id="oc-1c9">
         <name>.debug_info</name>
         <load_address>0xc42b2</load_address>
         <run_address>0xc42b2</run_address>
         <size>0x10d</size>
         <input_file_ref idref="fl-34"/>
      </object_component>
      <object_component id="oc-1ce">
         <name>.debug_info</name>
         <load_address>0xc43bf</load_address>
         <run_address>0xc43bf</run_address>
         <size>0x113</size>
         <input_file_ref idref="fl-35"/>
      </object_component>
      <object_component id="oc-1d3">
         <name>.debug_info</name>
         <load_address>0xc44d2</load_address>
         <run_address>0xc44d2</run_address>
         <size>0x111</size>
         <input_file_ref idref="fl-36"/>
      </object_component>
      <object_component id="oc-1d8">
         <name>.debug_info</name>
         <load_address>0xc45e3</load_address>
         <run_address>0xc45e3</run_address>
         <size>0x111</size>
         <input_file_ref idref="fl-37"/>
      </object_component>
      <object_component id="oc-1dd">
         <name>.debug_info</name>
         <load_address>0xc46f4</load_address>
         <run_address>0xc46f4</run_address>
         <size>0x16f</size>
         <input_file_ref idref="fl-38"/>
      </object_component>
      <object_component id="oc-1e2">
         <name>.debug_info</name>
         <load_address>0xc4863</load_address>
         <run_address>0xc4863</run_address>
         <size>0x147</size>
         <input_file_ref idref="fl-39"/>
      </object_component>
      <object_component id="oc-1e7">
         <name>.debug_info</name>
         <load_address>0xc49aa</load_address>
         <run_address>0xc49aa</run_address>
         <size>0x22a</size>
         <input_file_ref idref="fl-3a"/>
      </object_component>
      <object_component id="oc-1eb">
         <name>.debug_info</name>
         <load_address>0xc4bd4</load_address>
         <run_address>0xc4bd4</run_address>
         <size>0x455</size>
         <input_file_ref idref="fl-3b"/>
[...]
         <name>_redLED_state</name>
         <value>0xc009</value>
         <object_component_ref idref="oc-11d"/>
      </symbol>
      <symbol id="sm-52a">
         <name>_PROFILE_calc</name>
         <value>0x84ad9</value>
         <object_component_ref idref="oc-124"/>
      </symbol>
      <symbol id="sm-52b">
         <name>_PROFILE_init</name>
         <value>0x84abb</value>
         <object_component_ref idref="oc-124"/>
      </symbol>
      <symbol id="sm-549">
         <name>_SCI_unlink</name>
         <value>0x84f71</value>
         <object_component_ref idref="oc-263"/>
      </symbol>
      <symbol id="sm-54a">
         <name>_SCI_write</name>
         <value>0x84f4c</value>
         <object_component_ref idref="oc-263"/>
      </symbol>
      <symbol id="sm-54b">
         <name>_deviceOpen</name>
         <value>0xaeb4</value>
         <object_component_ref idref="oc-12b"/>
      </symbol>
      <symbol id="sm-54c">
         <name>_SCI_rename</name>
         <value>0x84f76</value>
         <object_component_ref idref="oc-263"/>
      </symbol>
      <symbol id="sm-54d">
         <name>_SCI_read</name>
         <value>0x84f30</value>
         <object_component_ref idref="oc-263"/>
      </symbol>
      <symbol id="sm-54e">
         <name>_SCI_lseek</name>
         <value>0x84f6a</value>
         <object_component_ref idref="oc-263"/>
      </symbol>
      <symbol id="sm-54f">
         <name>_SCI_open</name>
         <value>0x84f11</value>
         <object_component_ref idref="oc-263"/>
      </symbol>
      <symbol id="sm-550">
         <name>_SCI_close</name>
         <value>0x84f21</value>
         <object_component_ref idref="oc-263"/>
      </symbol>
      <symbol id="sm-55a">
         <name>FS$$DIV</name>
         <value>0x854cd</value>
         <object_component_ref idref="oc-130"/>
      </symbol>
      <symbol id="sm-566">
         <name>UL$$MOD</name>
         <value>0x8530c</value>
         <object_component_ref idref="oc-134"/>
      </symbol>
      <symbol id="sm-567">
         <name>L$$MOD</name>
         <value>0x852f7</value>
         <object_component_ref idref="oc-134"/>
      </symbol>
      <symbol id="sm-568">
         <name>L$$DIV</name>
         <value>0x852e8</value>
         <object_component_ref idref="oc-134"/>
      </symbol>
      <symbol id="sm-569">
         <name>UL$$DIV</name>
         <value>0x85305</value>
         <object_component_ref idref="oc-134"/>
      </symbol>
      <symbol id="sm-575">
         <name>___TI_ft_end</name>
         <value>0xad40</value>
         <object_component_ref idref="oc-13b"/>
      </symbol>
      <symbol id="sm-576">
         <name>___TI_tmpnams</name>
         <value>0xae00</value>
         <object_component_ref idref="oc-13b"/>
      </symbol>
      <symbol id="sm-577">
         <name>__ftable</name>
         <value>0xad80</value>
         <object_component_ref idref="oc-13b"/>
      </symbol>
      <symbol id="sm-5b2">
         <name>_add_device</name>
         <value>0x843e1</value>
         <object_component_ref idref="oc-264"/>
      </symbol>
      <symbol id="sm-5b3">
         <name>_rename</name>
         <value>0x842c4</value>
         <object_component_ref idref="oc-264"/>
      </symbol>
      <symbol id="sm-5b4">
         <name>_read</name>
         <value>0x8430c</value>
         <object_component_ref idref="oc-264"/>
      </symbol>
      <symbol id="sm-5b5">
         <name>_unlink</name>
         <value>0x842ab</value>
         <object_component_ref idref="oc-264"/>
      </symbol>
      <symbol id="sm-5b6">
         <name>_remove_device</name>
         <value>0x842f2</value>
         <object_component_ref idref="oc-264"/>
      </symbol>
      <symbol id="sm-5b7">
         <name>_open</name>
         <value>0x84325</value>
         <object_component_ref idref="oc-264"/>
      </symbol>
      <symbol id="sm-5b8">
         <name>_lseek</name>
         <value>0x84396</value>
         <object_component_ref idref="oc-264"/>
      </symbol>
      <symbol id="sm-5b9">
         <name>_close</name>
         <value>0x843ae</value>
         <object_component_ref idref="oc-264"/>
      </symbol>
      <symbol id="sm-5ba">
         <name>_write</name>
         <value>0x84244</value>
         <object_component_ref idref="oc-264"/>
      </symbol>
      <symbol id="sm-5ce">
         <name>_HOSTopen</name>
         <value>0x83e10</value>
         <object_component_ref idref="oc-259"/>
      </symbol>
      <symbol id="sm-5cf">
         <name>_HOSTread</name>
         <value>0x83dd1</value>
         <object_component_ref idref="oc-259"/>
      </symbol>
      <symbol id="sm-5d0">
         <name>_HOSTgetenv</name>
         <value>0x83eb1</value>
         <object_component_ref idref="oc-259"/>
      </symbol>
      <symbol id="sm-5d1">
         <name>_HOSTtime</name>
         <value>0x83d5d</value>
         <object_component_ref idref="oc-259"/>
      </symbol>
      <symbol id="sm-5d2">
         <name>_HOSTtime64</name>
         <value>0x83d18</value>
         <object_component_ref idref="oc-259"/>
      </symbol>
      <symbol id="sm-5d3">
         <name>_HOSTrename</name>
         <value>0x83d93</value>
         <object_component_ref idref="oc-259"/>
      </symbol>
      <symbol id="sm-5d4">
         <name>_HOSTclock</name>
         <value>0x83f02</value>
         <object_component_ref idref="oc-259"/>
      </symbol>
      <symbol id="sm-5d5">
         <name>_HOSTwrite</name>
         <value>0x83cbc</value>
         <object_component_ref idref="oc-259"/>
      </symbol>
      <symbol id="sm-5d6">
         <name>_HOSTlseek</name>
         <value>0x83e50</value>
         <object_component_ref idref="oc-259"/>
      </symbol>
      <symbol id="sm-5d7">
         <name>_HOSTunlink</name>
         <value>0x83cf4</value>
         <object_component_ref idref="oc-259"/>
      </symbol>
      <symbol id="sm-5d8">
         <name>_HOSTclose</name>
         <value>0x83ed9</value>
         <object_component_ref idref="oc-259"/>
      </symbol>
      <symbol id="sm-5f2">
         <name>___TI_readmsg</name>
         <value>0x84c50</value>
         <object_component_ref idref="oc-269"/>
      </symbol>
      <symbol id="sm-5f3">
         <name>C$$IO$$</name>
         <value>0x84c4b</value>
         <object_component_ref idref="oc-269"/>
      </symbol>
      <symbol id="sm-5f4">
         <name>__CIOBUF_</name>
         <value>0xac00</value>
         <object_component_ref idref="oc-14b"/>
      </symbol>
      <symbol id="sm-5f5">
         <name>___TI_writemsg</name>
         <value>0x84bf8</value>
         <object_component_ref idref="oc-269"/>
      </symbol>
      <symbol id="sm-60a">
         <name>__unlock</name>
         <value>0xaeb0</value>
         <object_component_ref idref="oc-26a"/>
      </symbol>
      <symbol id="sm-60b">
         <name>__lock</name>
         <value>0xaeae</value>
         <object_component_ref idref="oc-25a"/>
      </symbol>
      <symbol id="sm-60c">
         <name>__register_lock</name>
         <value>0x85544</value>
         <object_component_ref idref="oc-26e"/>
      </symbol>
      <symbol id="sm-60d">
         <name>__nop</name>
         <value>0x85548</value>
         <object_component_ref idref="oc-26e"/>
      </symbol>
      <symbol id="sm-60e">
         <name>__register_unlock</name>
         <value>0x85540</value>
         <object_component_ref idref="oc-26e"/>
      </symbol>
      <symbol id="sm-629">
         <name>_c_int00</name>
         <value>0x850ff</value>
         <object_component_ref idref="oc-7f"/>
      </symbol>
      <symbol id="sm-62a">
         <name>__stack</name>
         <value>0x400</value>
         <object_component_ref idref="oc-155"/>
      </symbol>
      <symbol id="sm-63a">
         <name>__args_main</name>
         <value>0x854b4</value>
         <object_component_ref idref="oc-256"/>
      </symbol>
      <symbol id="sm-647">
         <name>__system_post_cinit</name>
         <value>0x8556c</value>
         <object_component_ref idref="oc-255"/>
      </symbol>
      <symbol id="sm-654">
         <name>__system_pre_init</name>
         <value>0x8556a</value>
         <object_component_ref idref="oc-253"/>
      </symbol>
      <symbol id="sm-66a">
         <name>_copy_in</name>
         <value>0x851a8</value>
         <object_component_ref idref="oc-254"/>
      </symbol>
      <symbol id="sm-679">
         <name>_ppcopy</name>
         <value>0x8549a</value>
         <object_component_ref idref="oc-16f"/>
      </symbol>
      <symbol id="sm-67a">
         <name>_dpcopy</name>
         <value>0x8549a</value>
         <object_component_ref idref="oc-16f"/>
      </symbol>
      <symbol id="sm-67b">
         <name>_pdcopy</name>
         <value>0x8549a</value>
         <object_component_ref idref="oc-16f"/>
      </symbol>
      <symbol id="sm-67c">
         <name>_ddcopy</name>
         <value>0x8549a</value>
         <object_component_ref idref="oc-16f"/>
      </symbol>
      <symbol id="sm-691">
         <name>C$$EXIT</name>
         <value>0x85312</value>
         <object_component_ref idref="oc-257"/>
      </symbol>
      <symbol id="sm-692">
         <name>_exit</name>
         <value>0x85314</value>
         <object_component_ref idref="oc-257"/>
      </symbol>
      <symbol id="sm-693">
         <name>___TI_cleanup_ptr</name>
         <value>0xaeaa</value>
         <object_component_ref idref="oc-176"/>
      </symbol>
      <symbol id="sm-694">
         <name>___TI_enable_exit_profile_output</name>
         <value>0xaea8</value>
         <object_component_ref idref="oc-176"/>
      </symbol>
      <symbol id="sm-695">
         <name>_abort</name>
         <value>0x85312</value>
         <object_component_ref idref="oc-257"/>
      </symbol>
      <symbol id="sm-696">
         <name>___TI_dtors_ptr</name>
         <value>0xaeac</value>
         <object_component_ref idref="oc-176"/>
      </symbol>
      <symbol id="sm-6cc">
         <name>_fopen</name>
         <value>0x848e8</value>
         <object_component_ref idref="oc-265"/>
      </symbol>
      <symbol id="sm-6cd">
         <name>___TI_cleanup</name>
         <value>0x848ad</value>
         <object_component_ref idref="oc-265"/>
      </symbol>
      <symbol id="sm-6ce">
         <name>_freopen</name>
         <value>0x848ca</value>
         <object_component_ref idref="oc-265"/>
      </symbol>
      <symbol id="sm-6e0">
         <name>___TI_closefile</name>
         <value>0x85045</value>
         <object_component_ref idref="oc-274"/>
      </symbol>
      <symbol id="sm-6e1">
         <name>_fclose</name>
         <value>0x85089</value>
         <object_component_ref idref="oc-274"/>
      </symbol>
      <symbol id="sm-6f8">
         <name>___TI_doflush</name>
         <value>0x84e9e</value>
         <object_component_ref idref="oc-279"/>
      </symbol>
      <symbol id="sm-6f9">
         <name>_fflush</name>
         <value>0x84ecd</value>
         <object_component_ref idref="oc-279"/>
      </symbol>
      <symbol id="sm-741">
         <name>__sys_memory</name>
         <value>0xa800</value>
         <object_component_ref idref="oc-18e"/>
      </symbol>
      <symbol id="sm-742">
         <name>_chkheap</name>
         <value>0x84618</value>
         <object_component_ref idref="oc-275"/>
      </symbol>
      <symbol id="sm-743">
         <name>_realloc</name>
         <value>0x84526</value>
         <object_component_ref idref="oc-275"/>
      </symbol>
      <symbol id="sm-744">
         <name>_free_memory</name>
         <value>0x845fa</value>
         <object_component_ref idref="oc-275"/>
      </symbol>
      <symbol id="sm-745">
         <name>_max_free</name>
         <value>0x845d8</value>
         <object_component_ref idref="oc-275"/>
      </symbol>
      <symbol id="sm-746">
         <name>_free</name>
         <value>0x8445f</value>
         <object_component_ref idref="oc-275"/>
      </symbol>
      <symbol id="sm-747">
         <name>_calloc</name>
         <value>0x8461a</value>
         <object_component_ref idref="oc-275"/>
      </symbol>
      <symbol id="sm-748">
         <name>_malloc</name>
         <value>0x844c8</value>
         <object_component_ref idref="oc-275"/>
      </symbol>
      <symbol id="sm-749">
         <name>_minit</name>
         <value>0x844a3</value>
         <object_component_ref idref="oc-275"/>
      </symbol>
      <symbol id="sm-75b">
         <name>_memcpy</name>
         <value>0x85409</value>
         <object_component_ref idref="oc-25c"/>
      </symbol>
      <symbol id="sm-76c">
         <name>_printf</name>
         <value>0x85231</value>
         <object_component_ref idref="oc-268"/>
      </symbol>
      <symbol id="sm-89a">
         <name>___TI_printfi</name>
         <value>0x82c20</value>
         <object_component_ref idref="oc-278"/>
      </symbol>
      <symbol id="sm-8aa">
         <name>FD$$CMP</name>
         <value>0x852be</value>
         <object_component_ref idref="oc-1a5"/>
      </symbol>
      <symbol id="sm-8c1">
         <name>FD$$DIV</name>
         <value>0x84c8c</value>
         <object_component_ref idref="oc-1aa"/>
      </symbol>
      <symbol id="sm-8d3">
         <name>FD$$MPY</name>
         <value>0x84da0</value>
         <object_component_ref idref="oc-1af"/>
      </symbol>
      <symbol id="sm-8e0">
         <name>FD$$NEG</name>
         <value>0x85549</value>
         <object_component_ref idref="oc-1b4"/>
      </symbol>
      <symbol id="sm-8ec">
         <name>FD$$SUB</name>
         <value>0x8550f</value>
         <object_component_ref idref="oc-1b9"/>
      </symbol>
      <symbol id="sm-907">
         <name>FD$$ADD</name>
         <value>0x84b5c</value>
         <object_component_ref idref="oc-1be"/>
      </symbol>
      <symbol id="sm-916">
         <name>FD$$TOI</name>
         <value>0x853ab</value>
         <object_component_ref idref="oc-1c3"/>
      </symbol>
      <symbol id="sm-925">
         <name>FD$$TOL</name>
         <value>0x853cc</value>
         <object_component_ref idref="oc-1c8"/>
      </symbol>
      <symbol id="sm-935">
         <name>FS$$TOFD</name>
         <value>0x85462</value>
         <object_component_ref idref="oc-1cd"/>
      </symbol>
      <symbol id="sm-945">
         <name>I$$TOFD</name>
         <value>0x85445</value>
         <object_component_ref idref="oc-1d2"/>
      </symbol>
      <symbol id="sm-955">
         <name>L$$TOFD</name>
         <value>0x8547e</value>
         <object_component_ref idref="oc-1d7"/>
      </symbol>
      <symbol id="sm-961">
         <name>LL$$AND</name>
         <value>0x854e6</value>
         <object_component_ref idref="oc-1dc"/>
      </symbol>
      <symbol id="sm-962">
         <name>LL$$OR</name>
         <value>0x854ee</value>
         <object_component_ref idref="oc-1dc"/>
      </symbol>
      <symbol id="sm-963">
         <name>LL$$XOR</name>
         <value>0x854f6</value>
         <object_component_ref idref="oc-1dc"/>
      </symbol>
      <symbol id="sm-971">
         <name>ULL$$CMP</name>
         <value>0x853fd</value>
         <object_component_ref idref="oc-1e1"/>
      </symbol>
      <symbol id="sm-972">
         <name>LL$$CMP</name>
         <value>0x853eb</value>
         <object_component_ref idref="oc-1e1"/>
      </symbol>
      <symbol id="sm-99e">
         <name>ULL$$MOD</name>
         <value>0x846d6</value>
         <object_component_ref idref="oc-1e6"/>
      </symbol>
      <symbol id="sm-99f">
         <name>ULL$$DIV</name>
         <value>0x846a7</value>
         <object_component_ref idref="oc-1e6"/>
      </symbol>
      <symbol id="sm-9a0">
         <name>LL$$MOD</name>
         <value>0x8466d</value>
         <object_component_ref idref="oc-1e6"/>
      </symbol>
      <symbol id="sm-9a1">
         <name>LL$$DIV</name>
         <value>0x84631</value>
         <object_component_ref idref="oc-1e6"/>
      </symbol>
      <symbol id="sm-9b6">
         <name>_atoi</name>
         <value>0x8525f</value>
         <object_component_ref idref="oc-27d"/>
      </symbol>
      <symbol id="sm-9bf">
         <name>__ctypes_</name>
         <value>0x901c0</value>
         <object_component_ref idref="oc-284"/>
      </symbol>
      <symbol id="sm-9d3">
         <name>_putchar</name>
         <value>0x851a3</value>
         <object_component_ref idref="oc-276"/>
      </symbol>
      <symbol id="sm-9d4">
         <name>_putc</name>
         <value>0x85155</value>
         <object_component_ref idref="oc-276"/>
      </symbol>
      <symbol id="sm-9d5">
         <name>_fputc</name>
         <value>0x85155</value>
         <object_component_ref idref="oc-276"/>
      </symbol>
      <symbol id="sm-9ed">
         <name>___TI_rd_ok</name>
         <value>0x84fb7</value>
         <object_component_ref idref="oc-27b"/>
      </symbol>
      <symbol id="sm-9ee">
         <name>___TI_wrt_ok</name>
         <value>0x84f7c</value>
         <object_component_ref idref="oc-27b"/>
      </symbol>
      <symbol id="sm-a0c">
         <name>_puts</name>
         <value>0x84aa8</value>
         <object_component_ref idref="oc-277"/>
      </symbol>
      <symbol id="sm-a0d">
         <name>_fputs</name>
         <value>0x84a0b</value>
         <object_component_ref idref="oc-277"/>
      </symbol>
      <symbol id="sm-a21">
         <name>_frexpl</name>
         <value>0x850a4</value>
         <object_component_ref idref="oc-27f"/>
      </symbol>
      <symbol id="sm-a32">
         <name>_fseek</name>
         <value>0x851ee</value>
         <object_component_ref idref="oc-283"/>
      </symbol>
      <symbol id="sm-a50">
         <name>_scalbnl</name>
         <value>0x83f38</value>
         <object_component_ref idref="oc-280"/>
      </symbol>
      <symbol id="sm-a51">
         <name>_ldexpl</name>
         <value>0x83f38</value>
         <object_component_ref idref="oc-280"/>
      </symbol>
      <symbol id="sm-a5f">
         <name>_copysignl</name>
         <value>0x85389</value>
         <object_component_ref idref="oc-285"/>
      </symbol>
      <symbol id="sm-a6a">
         <name>_errno</name>
         <value>0xaeb2</value>
         <object_component_ref idref="oc-21a"/>
      </symbol>
      <symbol id="sm-a79">
         <name>_ltoa</name>
         <value>0x85290</value>
         <object_component_ref idref="oc-27e"/>
      </symbol>
      <symbol id="sm-a89">
         <name>_memccpy</name>
         <value>0x8551d</value>
         <object_component_ref idref="oc-282"/>
      </symbol>
      <symbol id="sm-a99">
         <name>_memchr</name>
         <value>0x854fe</value>
         <object_component_ref idref="oc-27c"/>
      </symbol>
      <symbol id="sm-aa8">
         <name>_memset</name>
         <value>0x83ff4</value>
         <object_component_ref idref="oc-281"/>
      </symbol>
      <symbol id="sm-ab5">
         <name>_remove</name>
         <value>0x85567</value>
         <object_component_ref idref="oc-27a"/>
      </symbol>
      <symbol id="sm-acc">
         <name>_setvbuf</name>
         <value>0x84d17</value>
         <object_component_ref idref="oc-266"/>
      </symbol>
      <symbol id="sm-adc">
         <name>_strchr</name>
         <value>0x8552a</value>
         <object_component_ref idref="oc-272"/>
      </symbol>
      <symbol id="sm-aeb">
         <name>_strcmp</name>
         <value>0x85536</value>
         <object_component_ref idref="oc-271"/>
      </symbol>
      <symbol id="sm-af9">
         <name>_strcpy</name>
         <value>0x85562</value>
         <object_component_ref idref="oc-26d"/>
      </symbol>
      <symbol id="sm-b07">
         <name>_strlen</name>
         <value>0x8555a</value>
         <object_component_ref idref="oc-26c"/>
      </symbol>
      <symbol id="sm-b18">
         <name>_strncpy</name>
         <value>0x85427</value>
         <object_component_ref idref="oc-273"/>
      </symbol>
   </symbol_table>
   <title>Link successful</title>
</link_info>
